// Jest Snapshot v1, https://goo.gl/fbAQLP

exports[`should render Remove Modal correctly 1`] = `
<Modal
  ariaHideApp={true}
  bodyOpenClassName="ReactModal__Body--open"
  className="modal"
  closeTimeoutMS={200}
  contentLabel="Remove Expense"
  isOpen={true}
  onRequestClose={[Function]}
  parentSelector={[Function]}
  portalClassName="ReactModalPortal"
  shouldCloseOnOverlayClick={true}
>
  <h3
    className="modal__title"
  >
    Remove expense!
  </h3>
  <p
    className="modal__body"
  />
  <div
    className="modal__button"
  >
    <button
      className="button button--remove"
      onClick={[Function]}
    >
      Remove
    </button>
    <button
      className="button button--secondary"
      onClick={[Function]}
    >
      Cancel
    </button>
  </div>
</Modal>
`;
